// Jest Snapshot v1, https://goo.gl/fbAQLP

exports[`renders correctly 1`] = `
<div
  className="root_container"
>
  <h1>
    Let's get a Github user
  </h1>
</div>
`;
